Archive member included to satisfy reference by file (symbol)

C:/ST/STM32CubeIDE_1.13.2/STM32CubeIDE/plugins/com.st.stm32cube.ide.mcu.externaltools.gnu-tools-for-stm32.11.3.rel1.win32_1.1.1.202309131626/tools/bin/../lib/gcc/arm-none-eabi/11.3.1/../../../../arm-none-eabi/lib/thumb/v7e-m+fp/hard\libc_nano.a(libc_a-exit.o)
                              C:/ST/STM32CubeIDE_1.13.2/STM32CubeIDE/plugins/com.st.stm32cube.ide.mcu.externaltools.gnu-tools-for-stm32.11.3.rel1.win32_1.1.1.202309131626/tools/bin/../lib/gcc/arm-none-eabi/11.3.1/../../../../arm-none-eabi/lib/thumb/v7e-m+fp/hard/crt0.o (exit)
C:/ST/STM32CubeIDE_1.13.2/STM32CubeIDE/plugins/com.st.stm32cube.ide.mcu.externaltools.gnu-tools-for-stm32.11.3.rel1.win32_1.1.1.202309131626/tools/bin/../lib/gcc/arm-none-eabi/11.3.1/../../../../arm-none-eabi/lib/thumb/v7e-m+fp/hard\libc_nano.a(libc_a-findfp.o)
                              C:/ST/STM32CubeIDE_1.13.2/STM32CubeIDE/plugins/com.st.stm32cube.ide.mcu.externaltools.gnu-tools-for-stm32.11.3.rel1.win32_1.1.1.202309131626/tools/bin/../lib/gcc/arm-none-eabi/11.3.1/../../../../arm-none-eabi/lib/thumb/v7e-m+fp/hard\libc_nano.a(libc_a-exit.o) (__stdio_exit_handler)
C:/ST/STM32CubeIDE_1.13.2/STM32CubeIDE/plugins/com.st.stm32cube.ide.mcu.externaltools.gnu-tools-for-stm32.11.3.rel1.win32_1.1.1.202309131626/tools/bin/../lib/gcc/arm-none-eabi/11.3.1/../../../../arm-none-eabi/lib/thumb/v7e-m+fp/hard\libc_nano.a(libc_a-fwalk.o)
                              C:/ST/STM32CubeIDE_1.13.2/STM32CubeIDE/plugins/com.st.stm32cube.ide.mcu.externaltools.gnu-tools-for-stm32.11.3.rel1.win32_1.1.1.202309131626/tools/bin/../lib/gcc/arm-none-eabi/11.3.1/../../../../arm-none-eabi/lib/thumb/v7e-m+fp/hard\libc_nano.a(libc_a-findfp.o) (_fwalk_sglue)
C:/ST/STM32CubeIDE_1.13.2/STM32CubeIDE/plugins/com.st.stm32cube.ide.mcu.externaltools.gnu-tools-for-stm32.11.3.rel1.win32_1.1.1.202309131626/tools/bin/../lib/gcc/arm-none-eabi/11.3.1/../../../../arm-none-eabi/lib/thumb/v7e-m+fp/hard\libc_nano.a(libc_a-stdio.o)
                              C:/ST/STM32CubeIDE_1.13.2/STM32CubeIDE/plugins/com.st.stm32cube.ide.mcu.externaltools.gnu-tools-for-stm32.11.3.rel1.win32_1.1.1.202309131626/tools/bin/../lib/gcc/arm-none-eabi/11.3.1/../../../../arm-none-eabi/lib/thumb/v7e-m+fp/hard\libc_nano.a(libc_a-findfp.o) (__sread)
C:/ST/STM32CubeIDE_1.13.2/STM32CubeIDE/plugins/com.st.stm32cube.ide.mcu.externaltools.gnu-tools-for-stm32.11.3.rel1.win32_1.1.1.202309131626/tools/bin/../lib/gcc/arm-none-eabi/11.3.1/../../../../arm-none-eabi/lib/thumb/v7e-m+fp/hard\libc_nano.a(libc_a-memset.o)
                              C:/ST/STM32CubeIDE_1.13.2/STM32CubeIDE/plugins/com.st.stm32cube.ide.mcu.externaltools.gnu-tools-for-stm32.11.3.rel1.win32_1.1.1.202309131626/tools/bin/../lib/gcc/arm-none-eabi/11.3.1/../../../../arm-none-eabi/lib/thumb/v7e-m+fp/hard/crt0.o (memset)
C:/ST/STM32CubeIDE_1.13.2/STM32CubeIDE/plugins/com.st.stm32cube.ide.mcu.externaltools.gnu-tools-for-stm32.11.3.rel1.win32_1.1.1.202309131626/tools/bin/../lib/gcc/arm-none-eabi/11.3.1/../../../../arm-none-eabi/lib/thumb/v7e-m+fp/hard\libc_nano.a(libc_a-closer.o)
                              C:/ST/STM32CubeIDE_1.13.2/STM32CubeIDE/plugins/com.st.stm32cube.ide.mcu.externaltools.gnu-tools-for-stm32.11.3.rel1.win32_1.1.1.202309131626/tools/bin/../lib/gcc/arm-none-eabi/11.3.1/../../../../arm-none-eabi/lib/thumb/v7e-m+fp/hard\libc_nano.a(libc_a-stdio.o) (_close_r)
C:/ST/STM32CubeIDE_1.13.2/STM32CubeIDE/plugins/com.st.stm32cube.ide.mcu.externaltools.gnu-tools-for-stm32.11.3.rel1.win32_1.1.1.202309131626/tools/bin/../lib/gcc/arm-none-eabi/11.3.1/../../../../arm-none-eabi/lib/thumb/v7e-m+fp/hard\libc_nano.a(libc_a-reent.o)
                              C:/ST/STM32CubeIDE_1.13.2/STM32CubeIDE/plugins/com.st.stm32cube.ide.mcu.externaltools.gnu-tools-for-stm32.11.3.rel1.win32_1.1.1.202309131626/tools/bin/../lib/gcc/arm-none-eabi/11.3.1/../../../../arm-none-eabi/lib/thumb/v7e-m+fp/hard\libc_nano.a(libc_a-closer.o) (errno)
C:/ST/STM32CubeIDE_1.13.2/STM32CubeIDE/plugins/com.st.stm32cube.ide.mcu.externaltools.gnu-tools-for-stm32.11.3.rel1.win32_1.1.1.202309131626/tools/bin/../lib/gcc/arm-none-eabi/11.3.1/../../../../arm-none-eabi/lib/thumb/v7e-m+fp/hard\libc_nano.a(libc_a-impure.o)
                              C:/ST/STM32CubeIDE_1.13.2/STM32CubeIDE/plugins/com.st.stm32cube.ide.mcu.externaltools.gnu-tools-for-stm32.11.3.rel1.win32_1.1.1.202309131626/tools/bin/../lib/gcc/arm-none-eabi/11.3.1/../../../../arm-none-eabi/lib/thumb/v7e-m+fp/hard\libc_nano.a(libc_a-reent.o) (_impure_ptr)
C:/ST/STM32CubeIDE_1.13.2/STM32CubeIDE/plugins/com.st.stm32cube.ide.mcu.externaltools.gnu-tools-for-stm32.11.3.rel1.win32_1.1.1.202309131626/tools/bin/../lib/gcc/arm-none-eabi/11.3.1/../../../../arm-none-eabi/lib/thumb/v7e-m+fp/hard\libc_nano.a(libc_a-lseekr.o)
[...]
Memory Configuration

Name             Origin             Length             Attributes
RAM              0x0000000020000000 0x0000000000018000 xrw
FLASH            0x0000000008000000 0x0000000000080000 xr
*default*        0x0000000000000000 0xffffffffffffffff

Linker script and memory map

LOAD C:/ST/STM32CubeIDE_1.13.2/STM32CubeIDE/plugins/com.st.stm32cube.ide.mcu.externaltools.gnu-tools-for-stm32.11.3.rel1.win32_1.1.1.202309131626/tools/bin/../lib/gcc/arm-none-eabi/11.3.1/thumb/v7e-m+fp/hard/crti.o
LOAD C:/ST/STM32CubeIDE_1.13.2/STM32CubeIDE/plugins/com.st.stm32cube.ide.mcu.externaltools.gnu-tools-for-stm32.11.3.rel1.win32_1.1.1.202309131626/tools/bin/../lib/gcc/arm-none-eabi/11.3.1/thumb/v7e-m+fp/hard/crtbegin.o
LOAD C:/ST/STM32CubeIDE_1.13.2/STM32CubeIDE/plugins/com.st.stm32cube.ide.mcu.externaltools.gnu-tools-for-stm32.11.3.rel1.win32_1.1.1.202309131626/tools/bin/../lib/gcc/arm-none-eabi/11.3.1/../../../../arm-none-eabi/lib/thumb/v7e-m+fp/hard/crt0.o
LOAD ./Application/User/Core/main.o
LOAD ./Application/User/Core/stm32f4xx_it.o
LOAD ./Application/User/Core/syscalls.o
LOAD ./Application/User/Core/sysmem.o
LOAD ./Application/User/Startup/startup_stm32f401retx.o
LOAD ./Drivers/CMSIS/system_stm32f4xx.o
LOAD ./Drivers/STM32F4xx_HAL_Driver/stm32f4xx_ll_exti.o
LOAD ./Drivers/STM32F4xx_HAL_Driver/stm32f4xx_ll_gpio.o
LOAD ./Drivers/STM32F4xx_HAL_Driver/stm32f4xx_ll_rcc.o
LOAD ./Drivers/STM32F4xx_HAL_Driver/stm32f4xx_ll_utils.o
START GROUP
LOAD C:/ST/STM32CubeIDE_1.13.2/STM32CubeIDE/plugins/com.st.stm32cube.ide.mcu.externaltools.gnu-tools-for-stm32.11.3.rel1.win32_1.1.1.202309131626/tools/bin/../lib/gcc/arm-none-eabi/11.3.1/../../../../arm-none-eabi/lib/thumb/v7e-m+fp/hard\libc_nano.a
LOAD C:/ST/STM32CubeIDE_1.13.2/STM32CubeIDE/plugins/com.st.stm32cube.ide.mcu.externaltools.gnu-tools-for-stm32.11.3.rel1.win32_1.1.1.202309131626/tools/bin/../lib/gcc/arm-none-eabi/11.3.1/../../../../arm-none-eabi/lib/thumb/v7e-m+fp/hard\libm.a
END GROUP
START GROUP
LOAD C:/ST/STM32CubeIDE_1.13.2/STM32CubeIDE/plugins/com.st.stm32cube.ide.mcu.externaltools.gnu-tools-for-stm32.11.3.rel1.win32_1.1.1.202309131626/tools/bin/../lib/gcc/arm-none-eabi/11.3.1/thumb/v7e-m+fp/hard\libgcc.a
LOAD C:/ST/STM32CubeIDE_1.13.2/STM32CubeIDE/plugins/com.st.stm32cube.ide.mcu.externaltools.gnu-tools-for-stm32.11.3.rel1.win32_1.1.1.202309131626/tools/bin/../lib/gcc/arm-none-eabi/11.3.1/../../../../arm-none-eabi/lib/thumb/v7e-m+fp/hard\libc_nano.a
END GROUP
START GROUP
LOAD C:/ST/STM32CubeIDE_1.13.2/STM32CubeIDE/plugins/com.st.stm32cube.ide.mcu.externaltools.gnu-tools-for-stm32.11.3.rel1.win32_1.1.1.202309131626/tools/bin/../lib/gcc/arm-none-eabi/11.3.1/thumb/v7e-m+fp/hard\libgcc.a
LOAD C:/ST/STM32CubeIDE_1.13.2/STM32CubeIDE/plugins/com.st.stm32cube.ide.mcu.externaltools.gnu-tools-for-stm32.11.3.rel1.win32_1.1.1.202309131626/tools/bin/../lib/gcc/arm-none-eabi/11.3.1/../../../../arm-none-eabi/lib/thumb/v7e-m+fp/hard\libc_nano.a
LOAD C:/ST/STM32CubeIDE_1.13.2/STM32CubeIDE/plugins/com.st.stm32cube.ide.mcu.externaltools.gnu-tools-for-stm32.11.3.rel1.win32_1.1.1.202309131626/tools/bin/../lib/gcc/arm-none-eabi/11.3.1/../../../../arm-none-eabi/lib/thumb/v7e-m+fp/hard\libnosys.a
END GROUP
START GROUP
LOAD C:/ST/STM32CubeIDE_1.13.2/STM32CubeIDE/plugins/com.st.stm32cube.ide.mcu.externaltools.gnu-tools-for-stm32.11.3.rel1.win32_1.1.1.202309131626/tools/bin/../lib/gcc/arm-none-eabi/11.3.1/thumb/v7e-m+fp/hard\libgcc.a
LOAD C:/ST/STM32CubeIDE_1.13.2/STM32CubeIDE/plugins/com.st.stm32cube.ide.mcu.externaltools.gnu-tools-for-stm32.11.3.rel1.win32_1.1.1.202309131626/tools/bin/../lib/gcc/arm-none-eabi/11.3.1/../../../../arm-none-eabi/lib/thumb/v7e-m+fp/hard\libc_nano.a
LOAD C:/ST/STM32CubeIDE_1.13.2/STM32CubeIDE/plugins/com.st.stm32cube.ide.mcu.externaltools.gnu-tools-for-stm32.11.3.rel1.win32_1.1.1.202309131626/tools/bin/../lib/gcc/arm-none-eabi/11.3.1/../../../../arm-none-eabi/lib/thumb/v7e-m+fp/hard\libnosys.a
END GROUP
LOAD C:/ST/STM32CubeIDE_1.13.2/STM32CubeIDE/plugins/com.st.stm32cube.ide.mcu.externaltools.gnu-tools-for-stm32.11.3.rel1.win32_1.1.1.202309131626/tools/bin/../lib/gcc/arm-none-eabi/11.3.1/thumb/v7e-m+fp/hard/crtend.o
LOAD C:/ST/STM32CubeIDE_1.13.2/STM32CubeIDE/plugins/com.st.stm32cube.ide.mcu.externaltools.gnu-tools-for-stm32.11.3.rel1.win32_1.1.1.202309131626/tools/bin/../lib/gcc/arm-none-eabi/11.3.1/thumb/v7e-m+fp/hard/crtn.o
                0x0000000020018000                _estack = (ORIGIN (RAM) + LENGTH (RAM))
                0x0000000000000200                _Min_Heap_Size = 0x200
                0x0000000000000400                _Min_Stack_Size = 0x400

.isr_vector     0x0000000008000000      0x194
                0x0000000008000000                . = ALIGN (0x4)
 *(.isr_vector)
 .isr_vector    0x0000000008000000      0x194 ./Application/User/Startup/startup_stm32f401retx.o
                0x0000000008000000                g_pfnVectors
                0x0000000008000194                . = ALIGN (0x4)

.text           0x0000000008000194      0xa24
                0x0000000008000194                . = ALIGN (0x4)
 *(.text)
 .text          0x0000000008000194       0x40 C:/ST/STM32CubeIDE_1.13.2/STM32CubeIDE/plugins/com.st.stm32cube.ide.mcu.externaltools.gnu-tools-for-stm32.11.3.rel1.win32_1.1.1.202309131626/tools/bin/../lib/gcc/arm-none-eabi/11.3.1/thumb/v7e-m+fp/hard/crtbegin.o
 *(.text*)
 .text.__NVIC_SetPriorityGrouping
                0x00000000080001d4       0x48 ./Application/User/Core/main.o
 .text.__NVIC_GetPriorityGrouping
                0x000000000800021c       0x1c ./Application/User/Core/main.o
 .text.__NVIC_SetPriority
                0x0000000008000238       0x54 ./Application/User/Core/main.o
 .text.NVIC_EncodePriority
                0x000000000800028c       0x66 ./Application/User/Core/main.o
 *fill*         0x00000000080002f2        0x2 
 .text.LL_RCC_HSI_Enable
                0x00000000080002f4       0x20 ./Application/User/Core/main.o
 .text.LL_RCC_HSI_IsReady
                0x0000000008000314       0x24 ./Application/User/Core/main.o
 .text.LL_RCC_HSI_SetCalibTrimming
                0x0000000008000338       0x2c ./Application/User/Core/main.o
 .text.LL_RCC_SetSysClkSource
                0x0000000008000364       0x28 ./Application/User/Core/main.o
 .text.LL_RCC_GetSysClkSource
                0x000000000800038c       0x1c ./Application/User/Core/main.o
 .text.LL_RCC_SetAHBPrescaler
                0x00000000080003a8       0x28 ./Application/User/Core/main.o
 .text.LL_RCC_SetAPB1Prescaler
                0x00000000080003d0       0x28 ./Application/User/Core/main.o
 .text.LL_RCC_SetAPB2Prescaler
                0x00000000080003f8       0x28 ./Application/User/Core/main.o
 .text.LL_RCC_SetTIMPrescaler
                0x0000000008000420       0x2c ./Application/User/Core/main.o
 .text.LL_AHB1_GRP1_EnableClock
                0x000000000800044c       0x30 ./Application/User/Core/main.o
 .text.LL_APB1_GRP1_EnableClock
                0x000000000800047c       0x30 ./Application/User/Core/main.o
 .text.LL_APB2_GRP1_EnableClock
                0x00000000080004ac       0x30 ./Application/User/Core/main.o
 .text.LL_FLASH_SetLatency
                0x00000000080004dc       0x28 ./Application/User/Core/main.o
 .text.LL_FLASH_GetLatency
                0x0000000008000504       0x1c ./Application/User/Core/main.o
 .text.LL_PWR_SetRegulVoltageScaling
                0x0000000008000520       0x28 ./Application/User/Core/main.o
 .text.LL_GPIO_ResetOutputPin
                0x0000000008000548       0x1e ./Application/User/Core/main.o
 .text.LL_GPIO_TogglePin
                0x0000000008000566       0x32 ./Application/User/Core/main.o
 .text.main     0x0000000008000598       0x80 ./Application/User/Core/main.o
                0x0000000008000598                main
 .text.SystemClock_Config
                0x0000000008000618       0x74 ./Application/User/Core/main.o
                0x0000000008000618                SystemClock_Config
 .text.MX_GPIO_Init
                0x000000000800068c       0x50 ./Application/User/Core/main.o
 .text.NMI_Handler
                0x00000000080006dc        0x6 ./Application/User/Core/stm32f4xx_it.o
                0x00000000080006dc                NMI_Handler
 .text.HardFault_Handler
                0x00000000080006e2        0x6 ./Application/User/Core/stm32f4xx_it.o
                0x00000000080006e2                HardFault_Handler
 .text.MemManage_Handler
                0x00000000080006e8        0x6 ./Application/User/Core/stm32f4xx_it.o
                0x00000000080006e8                MemManage_Handler
 .text.BusFault_Handler
                0x00000000080006ee        0x6 ./Application/User/Core/stm32f4xx_it.o
                0x00000000080006ee                BusFault_Handler
 .text.UsageFault_Handler
                0x00000000080006f4        0x6 ./Application/User/Core/stm32f4xx_it.o
                0x00000000080006f4                UsageFault_Handler
 .text.SVC_Handler
                0x00000000080006fa        0xe ./Application/User/Core/stm32f4xx_it.o
                0x00000000080006fa                SVC_Handler
 .text.DebugMon_Handler
                0x0000000008000708        0xe ./Application/User/Core/stm32f4xx_it.o
                0x0000000008000708                DebugMon_Handler
 .text.PendSV_Handler
                0x0000000008000716        0xe ./Application/User/Core/stm32f4xx_it.o
                0x0000000008000716                PendSV_Handler
 .text.SysTick_Handler
                0x0000000008000724        0xe ./Application/User/Core/stm32f4xx_it.o
                0x0000000008000724                SysTick_Handler
 *fill*         0x0000000008000732        0x2 
 .text.Reset_Handler
                0x0000000008000734       0x50 ./Application/User/Startup/startup_stm32f401retx.o
                0x0000000008000734                Reset_Handler
 .text.Default_Handler
                0x0000000008000784        0x2 ./Application/User/Startup/startup_stm32f401retx.o
                0x0000000008000784                RTC_Alarm_IRQHandler
                0x0000000008000784                EXTI2_IRQHandler
                0x0000000008000784                SPI4_IRQHandler
                0x0000000008000784                TIM1_CC_IRQHandler
                0x0000000008000784                DMA2_Stream5_IRQHandler
                0x0000000008000784                DMA1_Stream5_IRQHandler
                0x0000000008000784                PVD_IRQHandler
                0x0000000008000784                SDIO_IRQHandler
                0x0000000008000784                TAMP_STAMP_IRQHandler
                0x0000000008000784                EXTI3_IRQHandler
                0x0000000008000784                TIM1_UP_TIM10_IRQHandler
                0x0000000008000784                I2C3_ER_IRQHandler
                0x0000000008000784                EXTI0_IRQHandler
                0x0000000008000784                I2C2_EV_IRQHandler
                0x0000000008000784                DMA1_Stream2_IRQHandler
                0x0000000008000784                FPU_IRQHandler
                0x0000000008000784                DMA2_Stream2_IRQHandler
                0x0000000008000784                SPI1_IRQHandler
                0x0000000008000784                TIM1_BRK_TIM9_IRQHandler
                0x0000000008000784                DMA2_Stream3_IRQHandler
                0x0000000008000784                USART6_IRQHandler
                0x0000000008000784                DMA2_Stream0_IRQHandler
                0x0000000008000784                TIM4_IRQHandler
                0x0000000008000784                I2C1_EV_IRQHandler
                0x0000000008000784                DMA1_Stream6_IRQHandler
                0x0000000008000784                DMA1_Stream1_IRQHandler
                0x0000000008000784                TIM3_IRQHandler
                0x0000000008000784                RCC_IRQHandler
                0x0000000008000784                Default_Handler
                0x0000000008000784                EXTI15_10_IRQHandler
                0x0000000008000784                ADC_IRQHandler
                0x0000000008000784                DMA1_Stream7_IRQHandler
                0x0000000008000784                TIM5_IRQHandler
                0x0000000008000784                DMA2_Stream7_IRQHandler
                0x0000000008000784                I2C3_EV_IRQHandler
                0x0000000008000784                EXTI9_5_IRQHandler
                0x0000000008000784                RTC_WKUP_IRQHandler
                0x0000000008000784                SPI2_IRQHandler
                0x0000000008000784                DMA1_Stream0_IRQHandler
                0x0000000008000784                EXTI4_IRQHandler
                0x0000000008000784                WWDG_IRQHandler
                0x0000000008000784                TIM2_IRQHandler
                0x0000000008000784                OTG_FS_WKUP_IRQHandler
                0x0000000008000784                TIM1_TRG_COM_TIM11_IRQHandler
                0x0000000008000784                EXTI1_IRQHandler
                0x0000000008000784                USART2_IRQHandler
                0x0000000008000784                I2C2_ER_IRQHandler
                0x0000000008000784                DMA2_Stream1_IRQHandler
                0x0000000008000784                FLASH_IRQHandler
                0x0000000008000784                DMA2_Stream4_IRQHandler
                0x0000000008000784                USART1_IRQHandler
                0x0000000008000784                OTG_FS_IRQHandler
                0x0000000008000784                SPI3_IRQHandler
                0x0000000008000784                DMA1_Stream4_IRQHandler
                0x0000000008000784                I2C1_ER_IRQHandler
                0x0000000008000784                DMA2_Stream6_IRQHandler
                0x0000000008000784                DMA1_Stream3_IRQHandler
 *fill*         0x0000000008000786        0x2 
 .text.SystemInit
                0x0000000008000788       0x24 ./Drivers/CMSIS/system_stm32f4xx.o
                0x0000000008000788                SystemInit
 .text.LL_GPIO_SetPinMode
                0x00000000080007ac       0x5e ./Drivers/STM32F4xx_HAL_Driver/stm32f4xx_ll_gpio.o
 .text.LL_GPIO_SetPinOutputType
                0x000000000800080a       0x30 ./Drivers/STM32F4xx_HAL_Driver/stm32f4xx_ll_gpio.o
 .text.LL_GPIO_SetPinSpeed
                0x000000000800083a       0x5e ./Drivers/STM32F4xx_HAL_Driver/stm32f4xx_ll_gpio.o
 .text.LL_GPIO_SetPinPull
                0x0000000008000898       0x5e ./Drivers/STM32F4xx_HAL_Driver/stm32f4xx_ll_gpio.o
 .text.LL_GPIO_SetAFPin_0_7
                0x00000000080008f6       0x5e ./Drivers/STM32F4xx_HAL_Driver/stm32f4xx_ll_gpio.o
 .text.LL_GPIO_SetAFPin_8_15
                0x0000000008000954       0x62 ./Drivers/STM32F4xx_HAL_Driver/stm32f4xx_ll_gpio.o
 .text.LL_GPIO_Init
                0x00000000080009b6       0xe6 ./Drivers/STM32F4xx_HAL_Driver/stm32f4xx_ll_gpio.o
                0x00000000080009b6                LL_GPIO_Init
 .text.LL_InitTick
                0x0000000008000a9c       0x34 ./Drivers/STM32F4xx_HAL_Driver/stm32f4xx_ll_utils.o
 .text.LL_Init1msTick
                0x0000000008000ad0       0x1a ./Drivers/STM32F4xx_HAL_Driver/stm32f4xx_ll_utils.o
                0x0000000008000ad0                LL_Init1msTick
 *fill*         0x0000000008000aea        0x2 
 .text.LL_mDelay
                0x0000000008000aec       0x4c ./Drivers/STM32F4xx_HAL_Driver/stm32f4xx_ll_utils.o
                0x0000000008000aec                LL_mDelay
 .text.LL_SetSystemCoreClock
                0x0000000008000b38       0x20 ./Drivers/STM32F4xx_HAL_Driver/stm32f4xx_ll_utils.o
                0x0000000008000b38                LL_SetSystemCoreClock
 .text.__libc_init_array
                0x0000000008000b58       0x48 C:/ST/STM32CubeIDE_1.13.2/STM32CubeIDE/plugins/com.st.stm32cube.ide.mcu.externaltools.gnu-tools-for-stm32.11.3.rel1.win32_1.1.1.202309131626/tools/bin/../lib/gcc/arm-none-eabi/11.3.1/../../../../arm-none-eabi/lib/thumb/v7e-m+fp/hard\libc_nano.a(libc_a-init.o)
                0x0000000008000b58                __libc_init_array
 *(.glue_7)
 .glue_7        0x0000000008000ba0        0x0 linker stubs
 *(.glue_7t)
 .glue_7t       0x0000000008000ba0        0x0 linker stubs
 *(.eh_frame)
 .eh_frame      0x0000000008000ba0        0x0 C:/ST/STM32CubeIDE_1.13.2/STM32CubeIDE/plugins/com.st.stm32cube.ide.mcu.externaltools.gnu-tools-for-stm32.11.3.rel1.win32_1.1.1.202309131626/tools/bin/../lib/gcc/arm-none-eabi/11.3.1/thumb/v7e-m+fp/hard/crtbegin.o
 *(.init)
 .init          0x0000000008000ba0        0x4 C:/ST/STM32CubeIDE_1.13.2/STM32CubeIDE/plugins/com.st.stm32cube.ide.mcu.externaltools.gnu-tools-for-stm32.11.3.rel1.win32_1.1.1.202309131626/tools/bin/../lib/gcc/arm-none-eabi/11.3.1/thumb/v7e-m+fp/hard/crti.o
                0x0000000008000ba0                _init
 .init          0x0000000008000ba4        0x8 C:/ST/STM32CubeIDE_1.13.2/STM32CubeIDE/plugins/com.st.stm32cube.ide.mcu.externaltools.gnu-tools-for-stm32.11.3.rel1.win32_1.1.1.202309131626/tools/bin/../lib/gcc/arm-none-eabi/11.3.1/thumb/v7e-m+fp/hard/crtn.o
 *(.fini)
 .fini          0x0000000008000bac        0x4 C:/ST/STM32CubeIDE_1.13.2/STM32CubeIDE/plugins/com.st.stm32cube.ide.mcu.externaltools.gnu-tools-for-stm32.11.3.rel1.win32_1.1.1.202309131626/tools/bin/../lib/gcc/arm-none-eabi/11.3.1/thumb/v7e-m+fp/hard/crti.o
                0x0000000008000bac                _fini
 .fini          0x0000000008000bb0        0x8 C:/ST/STM32CubeIDE_1.13.2/STM32CubeIDE/plugins/com.st.stm32cube.ide.mcu.externaltools.gnu-tools-for-stm32.11.3.rel1.win32_1.1.1.202309131626/tools/bin/../lib/gcc/arm-none-eabi/11.3.1/thumb/v7e-m+fp/hard/crtn.o
                0x0000000008000bb8                . = ALIGN (0x4)
                0x0000000008000bb8                _etext = .

.vfp11_veneer   0x0000000008000bb8        0x0
 .vfp11_veneer  0x0000000008000bb8        0x0 linker stubs

.v4_bx          0x0000000008000bb8        0x0
 .v4_bx         0x0000000008000bb8        0x0 linker stubs

.iplt           0x0000000008000bb8        0x0
 .iplt          0x0000000008000bb8        0x0 C:/ST/STM32CubeIDE_1.13.2/STM32CubeIDE/plugins/com.st.stm32cube.ide.mcu.externaltools.gnu-tools-for-stm32.11.3.rel1.win32_1.1.1.202309131626/tools/bin/../lib/gcc/arm-none-eabi/11.3.1/thumb/v7e-m+fp/hard/crtbegin.o

.rel.dyn        0x0000000008000bb8        0x0
 .rel.iplt      0x0000000008000bb8        0x0 C:/ST/STM32CubeIDE_1.13.2/STM32CubeIDE/plugins/com.st.stm32cube.ide.mcu.externaltools.gnu-tools-for-stm32.11.3.rel1.win32_1.1.1.202309131626/tools/bin/../lib/gcc/arm-none-eabi/11.3.1/thumb/v7e-m+fp/hard/crtbegin.o

.rodata         0x0000000008000bb8        0x0
                0x0000000008000bb8                . = ALIGN (0x4)
 *(.rodata)
 *(.rodata*)
                0x0000000008000bb8                . = ALIGN (0x4)

.ARM.extab      0x0000000008000bb8        0x0
                0x0000000008000bb8                . = ALIGN (0x4)
 *(.ARM.extab* .gnu.linkonce.armextab.*)
                0x0000000008000bb8                . = ALIGN (0x4)

.ARM            0x0000000008000bb8        0x0
                0x0000000008000bb8                . = ALIGN (0x4)
                0x0000000008000bb8                __exidx_start = .
 *(.ARM.exidx*)
                0x0000000008000bb8                __exidx_end = .
                0x0000000008000bb8                . = ALIGN (0x4)

.preinit_array  0x0000000008000bb8        0x0
                0x0000000008000bb8                . = ALIGN (0x4)
                0x0000000008000bb8                PROVIDE (__preinit_array_start = .)
 *(.preinit_array*)
                0x0000000008000bb8                PROVIDE (__preinit_array_end = .)
                0x0000000008000bb8                . = ALIGN (0x4)

.init_array     0x0000000008000bb8        0x4
                0x0000000008000bb8                . = ALIGN (0x4)
                0x0000000008000bb8                PROVIDE (__init_array_start = .)
 *(SORT_BY_NAME(.init_array.*))
 *(.init_array*)
 .init_array    0x0000000008000bb8        0x4 C:/ST/STM32CubeIDE_1.13.2/STM32CubeIDE/plugins/com.st.stm32cube.ide.mcu.externaltools.gnu-tools-for-stm32.11.3.rel1.win32_1.1.1.202309131626/tools/bin/../lib/gcc/arm-none-eabi/11.3.1/thumb/v7e-m+fp/hard/crtbegin.o
                0x0000000008000bbc                PROVIDE (__init_array_end = .)
                0x0000000008000bbc                . = ALIGN (0x4)

.fini_array     0x0000000008000bbc        0x4
                0x0000000008000bbc                . = ALIGN (0x4)
                [!provide]                        PROVIDE (__fini_array_start = .)
 *(SORT_BY_NAME(.fini_array.*))
 *(.fini_array*)
 .fini_array    0x0000000008000bbc        0x4 C:/ST/STM32CubeIDE_1.13.2/STM32CubeIDE/plugins/com.st.stm32cube.ide.mcu.externaltools.gnu-tools-for-stm32.11.3.rel1.win32_1.1.1.202309131626/tools/bin/../lib/gcc/arm-none-eabi/11.3.1/thumb/v7e-m+fp/hard/crtbegin.o
                [!provide]                        PROVIDE (__fini_array_end = .)
                0x0000000008000bc0                . = ALIGN (0x4)
                0x0000000008000bc0                _sidata = LOADADDR (.data)

.data           0x0000000020000000        0x4 load address 0x0000000008000bc0
                0x0000000020000000                . = ALIGN (0x4)
                0x0000000020000000                _sdata = .
 *(.data)
 *(.data*)
 .data.SystemCoreClock
                0x0000000020000000        0x4 ./Drivers/CMSIS/system_stm32f4xx.o
                0x0000000020000000                SystemCoreClock
 *(.RamFunc)
 *(.RamFunc*)
                0x0000000020000004                . = ALIGN (0x4)
                0x0000000020000004                _edata = .

.igot.plt       0x0000000020000004        0x0 load address 0x0000000008000bc4
 .igot.plt      0x0000000020000004        0x0 C:/ST/STM32CubeIDE_1.13.2/STM32CubeIDE/plugins/com.st.stm32cube.ide.mcu.externaltools.gnu-tools-for-stm32.11.3.rel1.win32_1.1.1.202309131626/tools/bin/../lib/gcc/arm-none-eabi/11.3.1/thumb/v7e-m+fp/hard/crtbegin.o
                0x0000000020000004                . = ALIGN (0x4)

.bss            0x0000000020000004       0x1c load address 0x0000000008000bc4
                0x0000000020000004                _sbss = .
                0x0000000020000004                __bss_start__ = _sbss
 *(.bss)
 .bss           0x0000000020000004       0x1c C:/ST/STM32CubeIDE_1.13.2/STM32CubeIDE/plugins/com.st.stm32cube.ide.mcu.externaltools.gnu-tools-for-stm32.11.3.rel1.win32_1.1.1.202309131626/tools/bin/../lib/gcc/arm-none-eabi/11.3.1/thumb/v7e-m+fp/hard/crtbegin.o
 *(.bss*)
 *(COMMON)
                0x0000000020000020                . = ALIGN (0x4)
                0x0000000020000020                _ebss = .
                0x0000000020000020                __bss_end__ = _ebss

._user_heap_stack
                0x0000000020000020      0x600 load address 0x0000000008000bc4
                0x0000000020000020                . = ALIGN (0x8)
                [!provide]                        PROVIDE (end = .)
                0x0000000020000020                PROVIDE (_end = .)
                0x0000000020000220                . = (. + _Min_Heap_Size)
 *fill*         0x0000000020000020      0x200 
                0x0000000020000620                . = (. + _Min_Stack_Size)
 *fill*         0x0000000020000220      0x400 
                0x0000000020000620                . = ALIGN (0x8)

/DISCARD/
 libc.a(*)
 libm.a(*)
 libgcc.a(*)

.ARM.attributes
                0x0000000000000000       0x30
 *(.ARM.attributes)
 .ARM.attributes
                0x0000000000000000       0x1e C:/ST/STM32CubeIDE_1.13.2/STM32CubeIDE/plugins/com.st.stm32cube.ide.mcu.externaltools.gnu-tools-for-stm32.11.3.rel1.win32_1.1.1.202309131626/tools/bin/../lib/gcc/arm-none-eabi/11.3.1/thumb/v7e-m+fp/hard/crti.o
 .ARM.attributes
                0x000000000000001e       0x34 C:/ST/STM32CubeIDE_1.13.2/STM32CubeIDE/plugins/com.st.stm32cube.ide.mcu.externaltools.gnu-tools-for-stm32.11.3.rel1.win32_1.1.1.202309131626/tools/bin/../lib/gcc/arm-none-eabi/11.3.1/thumb/v7e-m+fp/hard/crtbegin.o
 .ARM.attributes
                0x0000000000000052       0x34 ./Application/User/Core/main.o
 .ARM.attributes
                0x0000000000000086       0x34 ./Application/User/Core/stm32f4xx_it.o
 .ARM.attributes
                0x00000000000000ba       0x21 ./Application/User/Startup/startup_stm32f401retx.o
 .ARM.attributes
                0x00000000000000db       0x34 ./Drivers/CMSIS/system_stm32f4xx.o
 .ARM.attributes
                0x000000000000010f       0x34 ./Drivers/STM32F4xx_HAL_Driver/stm32f4xx_ll_gpio.o
 .ARM.attributes
                0x0000000000000143       0x34 ./Drivers/STM32F4xx_HAL_Driver/stm32f4xx_ll_utils.o
 .ARM.attributes
                0x0000000000000177       0x34 C:/ST/STM32CubeIDE_1.13.2/STM32CubeIDE/plugins/com.st.stm32cube.ide.mcu.externaltools.gnu-tools-for-stm32.11.3.rel1.win32_1.1.1.202309131626/tools/bin/../lib/gcc/arm-none-eabi/11.3.1/../../../../arm-none-eabi/lib/thumb/v7e-m+fp/hard\libc_nano.a(libc_a-init.o)
 .ARM.attributes
                0x00000000000001ab       0x1e C:/ST/STM32CubeIDE_1.13.2/STM32CubeIDE/plugins/com.st.stm32cube.ide.mcu.externaltools.gnu-tools-for-stm32.11.3.rel1.win32_1.1.1.202309131626/tools/bin/../lib/gcc/arm-none-eabi/11.3.1/thumb/v7e-m+fp/hard/crtn.o
OUTPUT(test_pr_LL.elf elf32-littlearm)
LOAD linker stubs
LOAD C:/ST/STM32CubeIDE_1.13.2/STM32CubeIDE/plugins/com.st.stm32cube.ide.mcu.externaltools.gnu-tools-for-stm32.11.3.rel1.win32_1.1.1.202309131626/tools/bin/../lib/gcc/arm-none-eabi/11.3.1/../../../../arm-none-eabi/lib/thumb/v7e-m+fp/hard\libc.a
LOAD C:/ST/STM32CubeIDE_1.13.2/STM32CubeIDE/plugins/com.st.stm32cube.ide.mcu.externaltools.gnu-tools-for-stm32.11.3.rel1.win32_1.1.1.202309131626/tools/bin/../lib/gcc/arm-none-eabi/11.3.1/../../../../arm-none-eabi/lib/thumb/v7e-m+fp/hard\libm.a
LOAD C:/ST/STM32CubeIDE_1.13.2/STM32CubeIDE/plugins/com.st.stm32cube.ide.mcu.externaltools.gnu-tools-for-stm32.11.3.rel1.win32_1.1.1.202309131626/tools/bin/../lib/gcc/arm-none-eabi/11.3.1/thumb/v7e-m+fp/hard\libgcc.a

.comment        0x0000000000000000       0x43
 .comment       0x0000000000000000       0x43 C:/ST/STM32CubeIDE_1.13.2/STM32CubeIDE/plugins/com.st.stm32cube.ide.mcu.externaltools.gnu-tools-for-stm32.11.3.rel1.win32_1.1.1.202309131626/tools/bin/../lib/gcc/arm-none-eabi/11.3.1/thumb/v7e-m+fp/hard/crtbegin.o
                                         0x44 (size before relaxing)
 .comment       0x0000000000000043       0x44 ./Application/User/Core/main.o
 .comment       0x0000000000000043       0x44 ./Application/User/Core/stm32f4xx_it.o
 .comment       0x0000000000000043       0x44 ./Drivers/CMSIS/system_stm32f4xx.o
 .comment       0x0000000000000043       0x44 ./Drivers/STM32F4xx_HAL_Driver/stm32f4xx_ll_gpio.o
 .comment       0x0000000000000043       0x44 ./Drivers/STM32F4xx_HAL_Driver/stm32f4xx_ll_utils.o

.debug_info     0x0000000000000000     0x26f7
 .debug_info    0x0000000000000000      0xf56 ./Application/User/Core/main.o
 .debug_info    0x0000000000000f56      0x145 ./Application/User/Core/stm32f4xx_it.o
 .debug_info    0x000000000000109b       0x23 ./Application/User/Startup/startup_stm32f401retx.o
 .debug_info    0x00000000000010be      0x537 ./Drivers/CMSIS/system_stm32f4xx.o
 .debug_info    0x00000000000015f5      0x7dd ./Drivers/STM32F4xx_HAL_Driver/stm32f4xx_ll_gpio.o
 .debug_info    0x0000000000001dd2      0x925 ./Drivers/STM32F4xx_HAL_Driver/stm32f4xx_ll_utils.o

.debug_abbrev   0x0000000000000000      0x8bd
 .debug_abbrev  0x0000000000000000      0x2c0 ./Application/User/Core/main.o
 .debug_abbrev  0x00000000000002c0       0x80 ./Application/User/Core/stm32f4xx_it.o
 .debug_abbrev  0x0000000000000340       0x12 ./Application/User/Startup/startup_stm32f401retx.o
 .debug_abbrev  0x0000000000000352      0x11a ./Drivers/CMSIS/system_stm32f4xx.o
 .debug_abbrev  0x000000000000046c      0x21f ./Drivers/STM32F4xx_HAL_Driver/stm32f4xx_ll_gpio.o
 .debug_abbrev  0x000000000000068b      0x232 ./Drivers/STM32F4xx_HAL_Driver/stm32f4xx_ll_utils.o

.debug_aranges  0x0000000000000000      0x2f8
 .debug_aranges
                0x0000000000000000       0xe0 ./Application/User/Core/main.o
 .debug_aranges
                0x00000000000000e0       0x60 ./Application/User/Core/stm32f4xx_it.o
 .debug_aranges
                0x0000000000000140       0x28 ./Application/User/Startup/startup_stm32f401retx.o
 .debug_aranges
                0x0000000000000168       0x28 ./Drivers/CMSIS/system_stm32f4xx.o
 .debug_aranges
                0x0000000000000190       0x70 ./Drivers/STM32F4xx_HAL_Driver/stm32f4xx_ll_gpio.o
 .debug_aranges
                0x0000000000000200       0xf8 ./Drivers/STM32F4xx_HAL_Driver/stm32f4xx_ll_utils.o

.debug_rnglists
                0x0000000000000000      0x223
 .debug_rnglists
                0x0000000000000000       0xa4 ./Application/User/Core/main.o
 .debug_rnglists
                0x00000000000000a4       0x43 ./Application/User/Core/stm32f4xx_it.o
 .debug_rnglists
                0x00000000000000e7       0x19 ./Application/User/Startup/startup_stm32f401retx.o
 .debug_rnglists
                0x0000000000000100       0x1a ./Drivers/CMSIS/system_stm32f4xx.o
 .debug_rnglists
                0x000000000000011a       0x51 ./Drivers/STM32F4xx_HAL_Driver/stm32f4xx_ll_gpio.o
 .debug_rnglists
                0x000000000000016b       0xb8 ./Drivers/STM32F4xx_HAL_Driver/stm32f4xx_ll_utils.o

.debug_macro    0x0000000000000000     0xfb0e
 .debug_macro   0x0000000000000000      0x134 ./Application/User/Core/main.o
 .debug_macro   0x0000000000000134      0xaea ./Application/User/Core/main.o
 .debug_macro   0x0000000000000c1e       0x2e ./Application/User/Core/main.o
 .debug_macro   0x0000000000000c4c       0x28 ./Application/User/Core/main.o
 .debug_macro   0x0000000000000c74       0x22 ./Application/User/Core/main.o
 .debug_macro   0x0000000000000c96       0x8e ./Application/User/Core/main.o
 .debug_macro   0x0000000000000d24       0x51 ./Application/User/Core/main.o
 .debug_macro   0x0000000000000d75      0x103 ./Application/User/Core/main.o
 .debug_macro   0x0000000000000e78       0x6a ./Application/User/Core/main.o
 .debug_macro   0x0000000000000ee2      0x1df ./Application/User/Core/main.o
 .debug_macro   0x00000000000010c1       0x1c ./Application/User/Core/main.o
 .debug_macro   0x00000000000010dd       0x22 ./Application/User/Core/main.o
 .debug_macro   0x00000000000010ff       0xd9 ./Application/User/Core/main.o
 .debug_macro   0x00000000000011d8     0x102d ./Application/User/Core/main.o
 .debug_macro   0x0000000000002205      0x11f ./Application/User/Core/main.o
 .debug_macro   0x0000000000002324     0xb86c ./Application/User/Core/main.o
 .debug_macro   0x000000000000db90       0x6d ./Application/User/Core/main.o
 .debug_macro   0x000000000000dbfd      0x782 ./Application/User/Core/main.o
 .debug_macro   0x000000000000e37f      0x116 ./Application/User/Core/main.o
 .debug_macro   0x000000000000e495      0x1ab ./Application/User/Core/main.o
 .debug_macro   0x000000000000e640       0xe8 ./Application/User/Core/main.o
 .debug_macro   0x000000000000e728      0x1a6 ./Application/User/Core/main.o
 .debug_macro   0x000000000000e8ce       0x61 ./Application/User/Core/main.o
 .debug_macro   0x000000000000e92f       0xbc ./Application/User/Core/main.o
 .debug_macro   0x000000000000e9eb      0x1e6 ./Application/User/Core/main.o
 .debug_macro   0x000000000000ebd1      0x149 ./Application/User/Core/main.o
 .debug_macro   0x000000000000ed1a       0x22 ./Application/User/Core/main.o
 .debug_macro   0x000000000000ed3c      0x13e ./Application/User/Core/stm32f4xx_it.o
 .debug_macro   0x000000000000ee7a       0xce ./Drivers/CMSIS/system_stm32f4xx.o
 .debug_macro   0x000000000000ef48      0x110 ./Drivers/STM32F4xx_HAL_Driver/stm32f4xx_ll_gpio.o
 .debug_macro   0x000000000000f058      0x143 ./Drivers/STM32F4xx_HAL_Driver/stm32f4xx_ll_gpio.o
 .debug_macro   0x000000000000f19b      0x190 ./Drivers/STM32F4xx_HAL_Driver/stm32f4xx_ll_utils.o
 .debug_macro   0x000000000000f32b       0x5b ./Drivers/STM32F4xx_HAL_Driver/stm32f4xx_ll_utils.o
 .debug_macro   0x000000000000f386      0x788 ./Drivers/STM32F4xx_HAL_Driver/stm32f4xx_ll_utils.o

.debug_line     0x0000000000000000     0x287f
 .debug_line    0x0000000000000000      0x9b9 ./Application/User/Core/main.o
 .debug_line    0x00000000000009b9      0x6ca ./Application/User/Core/stm32f4xx_it.o
 .debug_line    0x0000000000001083       0x7a ./Application/User/Startup/startup_stm32f401retx.o
 .debug_line    0x00000000000010fd      0x588 ./Drivers/CMSIS/system_stm32f4xx.o
 .debug_line    0x0000000000001685      0x7ea ./Drivers/STM32F4xx_HAL_Driver/stm32f4xx_ll_gpio.o
 .debug_line    0x0000000000001e6f      0xa10 ./Drivers/STM32F4xx_HAL_Driver/stm32f4xx_ll_utils.o

.debug_str      0x0000000000000000    0x5a5ac
 .debug_str     0x0000000000000000    0x587a5 ./Application/User/Core/main.o
                                      0x589b9 (size before relaxing)
 .debug_str     0x00000000000587a5       0xcd ./Application/User/Core/stm32f4xx_it.o
                                      0x58083 (size before relaxing)
 .debug_str     0x0000000000058872       0x40 ./Application/User/Startup/startup_stm32f401retx.o
                                         0x66 (size before relaxing)
 .debug_str     0x00000000000588b2       0x87 ./Drivers/CMSIS/system_stm32f4xx.o
                                      0x4f757 (size before relaxing)
 .debug_str     0x0000000000058939      0x693 ./Drivers/STM32F4xx_HAL_Driver/stm32f4xx_ll_gpio.o
                                      0x50c30 (size before relaxing)
 .debug_str     0x0000000000058fcc     0x15e0 ./Drivers/STM32F4xx_HAL_Driver/stm32f4xx_ll_utils.o
                                      0x56129 (size before relaxing)

.debug_frame    0x0000000000000000      0xaec
 .debug_frame   0x0000000000000000      0x3a8 ./Application/User/Core/main.o
 .debug_frame   0x00000000000003a8      0x108 ./Application/User/Core/stm32f4xx_it.o
 .debug_frame   0x00000000000004b0       0x58 ./Drivers/CMSIS/system_stm32f4xx.o
 .debug_frame   0x0000000000000508      0x1c0 ./Drivers/STM32F4xx_HAL_Driver/stm32f4xx_ll_gpio.o
 .debug_frame   0x00000000000006c8      0x3f8 ./Drivers/STM32F4xx_HAL_Driver/stm32f4xx_ll_utils.o
 .debug_frame   0x0000000000000ac0       0x2c C:/ST/STM32CubeIDE_1.13.2/STM32CubeIDE/plugins/com.st.stm32cube.ide.mcu.externaltools.gnu-tools-for-stm32.11.3.rel1.win32_1.1.1.202309131626/tools/bin/../lib/gcc/arm-none-eabi/11.3.1/../../../../arm-none-eabi/lib/thumb/v7e-m+fp/hard\libc_nano.a(libc_a-init.o)

.debug_line_str
                0x0000000000000000       0x5a
 .debug_line_str
                0x0000000000000000       0x5a ./Application/User/Startup/startup_stm32f401retx.o
                                         0x72 (size before relaxing)
